// Jest Snapshot v1, https://goo.gl/fbAQLP

exports[`--> Snapshot for Containers > history > 'ReloadLocation' matches 1`] = `
<span
  style={
    Object {
      "marginLeft": 8,
    }
  }
>
  <button
    className="ant-btn ant-btn-primary ant-btn-circle ant-btn-sm ant-btn-icon-only"
    data-for="ReloadLocation"
    data-tip={true}
    onClick={[Function]}
    type="button"
  >
    <i
      className="anticon anticon-reload"
    />
  </button>
</span>
`;
