// Jest Snapshot v1, https://goo.gl/fbAQLP

exports[`--> Snapshot for Components > weather > 'Container' matches 1`] = `
<div>
  <div
    className="title-border"
  >
    <h1
      className="title"
    >
      Weather Report
    </h1>
  </div>
  <div>
    <Connect(WeatherComponent) />
  </div>
</div>
`;
