// Jest Snapshot v1, https://goo.gl/fbAQLP

exports[`--> Snapshot for Components > weather > 'Description' matches 1`] = `<Styled(Styled(styled.div)) />`;
