// Jest Snapshot v1, https://goo.gl/fbAQLP

exports[`--> Snapshot for Components > weather > 'FilterContainer' matches 1`] = `<div />`;
