// Jest Snapshot v1, https://goo.gl/fbAQLP

exports[`--> Snapshot for Components > weather > 'LastUpdate' matches 1`] = `<span />`;
