// Jest Snapshot v1, https://goo.gl/fbAQLP

exports[`--> Snapshot for Components > weather > 'TemperatureMax' matches 1`] = `
<div
  style={
    Object {
      "marginTop": 6,
    }
  }
>
  <styled.i
    className="wi wi-thermometer"
  />
  <Styled(Styled(Styled(styled.div)))>
    <styled.span>
      0
    </styled.span>
    <sup>
      °C
    </sup>
     
     
    (max.)
  </Styled(Styled(Styled(styled.div)))>
</div>
`;
