// Jest Snapshot v1, https://goo.gl/fbAQLP

exports[`--> Snapshot for Components > header > 'Title' matches 1`] = `
<span
  className="sc-bdVaJa dvkyIH"
/>
`;
